// Vitest Snapshot v1, https://vitest.dev/guide/snapshot.html

exports[`BlankSlate > matches snapshot 1`] = `
<div>
  <div
    class="sc-fYsHOw fKBUlR"
  >
    <svg
      data-testid="placeholder-svg"
    />
    <span
      class="ant-typography sc-Qotzb hDzozf css-dev-only-do-not-override-1m63z2v"
    >
      Sorry, We didnâ€™t found any data right now
    </span>
  </div>
</div>
`;
